# serializer version: 1
# name: test_create_dataset[create_dataset]
  list([
    dict({
      'delta_steps': 1351,
      'derivative_3': -0.0,
      'last_loss': 0.45357,
      'run_id': 'a9fa312754c8461e9e6920f6567958f5',
      'target_loss': 0.44783,
      'target_step': 3981,
    }),
    dict({
      'delta_steps': 2779,
      'derivative_3': -0.0001,
      'last_loss': 0.47858,
      'run_id': 'a9fa312754c8461e9e6920f6567958f5',
      'target_loss': 0.44783,
      'target_step': 3981,
    }),
    dict({
      'delta_steps': 2934,
      'derivative_3': -2e-05,
      'last_loss': 0.48618,
      'run_id': 'a9fa312754c8461e9e6920f6567958f5',
      'target_loss': 0.44783,
      'target_step': 3981,
    }),
    dict({
      'delta_steps': 962,
      'derivative_3': -0.0,
      'last_loss': 0.45149,
      'run_id': 'a9fa312754c8461e9e6920f6567958f5',
      'target_loss': 0.44783,
      'target_step': 3981,
    }),
    dict({
      'delta_steps': 2468,
      'derivative_3': -3e-05,
      'last_loss': 0.47028,
      'run_id': 'a9fa312754c8461e9e6920f6567958f5',
      'target_loss': 0.44783,
      'target_step': 3981,
    }),
    dict({
      'delta_steps': 2536,
      'derivative_3': -1e-05,
      'last_loss': 0.47129,
      'run_id': 'a9fa312754c8461e9e6920f6567958f5',
      'target_loss': 0.44783,
      'target_step': 3981,
    }),
    dict({
      'delta_steps': 819,
      'derivative_3': -0.0,
      'last_loss': 0.45097,
      'run_id': 'a9fa312754c8461e9e6920f6567958f5',
      'target_loss': 0.44783,
      'target_step': 3981,
    }),
    dict({
      'delta_steps': 2723,
      'derivative_3': -0.0,
      'last_loss': 0.47702,
      'run_id': 'a9fa312754c8461e9e6920f6567958f5',
      'target_loss': 0.44783,
      'target_step': 3981,
    }),
    dict({
      'delta_steps': 180,
      'derivative_3': -0.0,
      'last_loss': 0.44813,
      'run_id': 'a9fa312754c8461e9e6920f6567958f5',
      'target_loss': 0.44783,
      'target_step': 3981,
    }),
    dict({
      'delta_steps': 1691,
      'derivative_3': -8e-05,
      'last_loss': 0.45595,
      'run_id': 'a9fa312754c8461e9e6920f6567958f5',
      'target_loss': 0.44783,
      'target_step': 3981,
    }),
    dict({
      'delta_steps': 3020,
      'derivative_3': -3e-05,
      'last_loss': 0.48068,
      'run_id': 'a9fa312754c8461e9e6920f6567958f5',
      'target_loss': 0.44764,
      'target_step': 4168,
    }),
    dict({
      'delta_steps': 1770,
      'derivative_3': -0.0,
      'last_loss': 0.45545,
      'run_id': 'a9fa312754c8461e9e6920f6567958f5',
      'target_loss': 0.44764,
      'target_step': 4168,
    }),
    dict({
      'delta_steps': 2263,
      'derivative_3': -8e-05,
      'last_loss': 0.46217,
      'run_id': 'a9fa312754c8461e9e6920f6567958f5',
      'target_loss': 0.44764,
      'target_step': 4168,
    }),
    dict({
      'delta_steps': 3072,
      'derivative_3': -5e-05,
      'last_loss': 0.48325,
      'run_id': 'a9fa312754c8461e9e6920f6567958f5',
      'target_loss': 0.44764,
      'target_step': 4168,
    }),
    dict({
      'delta_steps': 3121,
      'derivative_3': -2e-05,
      'last_loss': 0.48618,
      'run_id': 'a9fa312754c8461e9e6920f6567958f5',
      'target_loss': 0.44764,
      'target_step': 4168,
    }),
    dict({
      'delta_steps': 0,
      'derivative_3': -0.0,
      'last_loss': 0.44764,
      'run_id': 'a9fa312754c8461e9e6920f6567958f5',
      'target_loss': 0.44764,
      'target_step': 4168,
    }),
    dict({
      'delta_steps': 2788,
      'derivative_3': -0.0001,
      'last_loss': 0.47277,
      'run_id': 'a9fa312754c8461e9e6920f6567958f5',
      'target_loss': 0.44764,
      'target_step': 4168,
    }),
    dict({
      'delta_steps': 2723,
      'derivative_3': -1e-05,
      'last_loss': 0.47129,
      'run_id': 'a9fa312754c8461e9e6920f6567958f5',
      'target_loss': 0.44764,
      'target_step': 4168,
    }),
    dict({
      'delta_steps': 1981,
      'derivative_3': -1e-05,
      'last_loss': 0.45777,
      'run_id': 'a9fa312754c8461e9e6920f6567958f5',
      'target_loss': 0.44764,
      'target_step': 4168,
    }),
    dict({
      'delta_steps': 1657,
      'derivative_3': -2e-05,
      'last_loss': 0.45438,
      'run_id': 'a9fa312754c8461e9e6920f6567958f5',
      'target_loss': 0.44764,
      'target_step': 4168,
    }),
    dict({
      'delta_steps': 3204,
      'derivative_3': -5e-05,
      'last_loss': 0.48325,
      'run_id': 'a9fa312754c8461e9e6920f6567958f5',
      'target_loss': 0.4471,
      'target_step': 4300,
    }),
    dict({
      'delta_steps': 2010,
      'derivative_3': -8e-05,
      'last_loss': 0.45595,
      'run_id': 'a9fa312754c8461e9e6920f6567958f5',
      'target_loss': 0.4471,
      'target_step': 4300,
    }),
    dict({
      'delta_steps': 2920,
      'derivative_3': -0.0001,
      'last_loss': 0.47277,
      'run_id': 'a9fa312754c8461e9e6920f6567958f5',
      'target_loss': 0.4471,
      'target_step': 4300,
    }),
    dict({
      'delta_steps': 1416,
      'derivative_3': -1e-05,
      'last_loss': 0.45213,
      'run_id': 'a9fa312754c8461e9e6920f6567958f5',
      'target_loss': 0.4471,
      'target_step': 4300,
    }),
    dict({
      'delta_steps': 1670,
      'derivative_3': -0.0,
      'last_loss': 0.45357,
      'run_id': 'a9fa312754c8461e9e6920f6567958f5',
      'target_loss': 0.4471,
      'target_step': 4300,
    }),
    dict({
      'delta_steps': 499,
      'derivative_3': -0.0,
      'last_loss': 0.44813,
      'run_id': 'a9fa312754c8461e9e6920f6567958f5',
      'target_loss': 0.4471,
      'target_step': 4300,
    }),
    dict({
      'delta_steps': 132,
      'derivative_3': -0.0,
      'last_loss': 0.44764,
      'run_id': 'a9fa312754c8461e9e6920f6567958f5',
      'target_loss': 0.4471,
      'target_step': 4300,
    }),
    dict({
      'delta_steps': 2395,
      'derivative_3': -8e-05,
      'last_loss': 0.46217,
      'run_id': 'a9fa312754c8461e9e6920f6567958f5',
      'target_loss': 0.4471,
      'target_step': 4300,
    }),
    dict({
      'delta_steps': 2855,
      'derivative_3': -1e-05,
      'last_loss': 0.47129,
      'run_id': 'a9fa312754c8461e9e6920f6567958f5',
      'target_loss': 0.4471,
      'target_step': 4300,
    }),
    dict({
      'delta_steps': 2305,
      'derivative_3': -1e-05,
      'last_loss': 0.4605,
      'run_id': 'a9fa312754c8461e9e6920f6567958f5',
      'target_loss': 0.4471,
      'target_step': 4300,
    }),
    dict({
      'delta_steps': 1583,
      'derivative_3': -0.0,
      'last_loss': 0.52458,
      'run_id': '354a2f633ce14d99a6a3d039b5d6f6f3',
      'target_loss': 0.52458,
      'target_step': 3981,
    }),
    dict({
      'delta_steps': 2468,
      'derivative_3': -0.0,
      'last_loss': 0.52458,
      'run_id': '354a2f633ce14d99a6a3d039b5d6f6f3',
      'target_loss': 0.52458,
      'target_step': 3981,
    }),
    dict({
      'delta_steps': 670,
      'derivative_3': -0.0,
      'last_loss': 0.52458,
      'run_id': '354a2f633ce14d99a6a3d039b5d6f6f3',
      'target_loss': 0.52458,
      'target_step': 3981,
    }),
    dict({
      'delta_steps': 2934,
      'derivative_3': -0.0,
      'last_loss': 0.52458,
      'run_id': '354a2f633ce14d99a6a3d039b5d6f6f3',
      'target_loss': 0.52458,
      'target_step': 3981,
    }),
    dict({
      'delta_steps': 819,
      'derivative_3': -0.0,
      'last_loss': 0.52458,
      'run_id': '354a2f633ce14d99a6a3d039b5d6f6f3',
      'target_loss': 0.52458,
      'target_step': 3981,
    }),
    dict({
      'delta_steps': 2663,
      'derivative_3': -0.0,
      'last_loss': 0.52458,
      'run_id': '354a2f633ce14d99a6a3d039b5d6f6f3',
      'target_loss': 0.52458,
      'target_step': 3981,
    }),
    dict({
      'delta_steps': 1097,
      'derivative_3': -0.0,
      'last_loss': 0.52458,
      'run_id': '354a2f633ce14d99a6a3d039b5d6f6f3',
      'target_loss': 0.52458,
      'target_step': 3981,
    }),
    dict({
      'delta_steps': 2076,
      'derivative_3': -0.0,
      'last_loss': 0.52458,
      'run_id': '354a2f633ce14d99a6a3d039b5d6f6f3',
      'target_loss': 0.52458,
      'target_step': 3981,
    }),
    dict({
      'delta_steps': 2322,
      'derivative_3': -0.0,
      'last_loss': 0.52458,
      'run_id': '354a2f633ce14d99a6a3d039b5d6f6f3',
      'target_loss': 0.52458,
      'target_step': 3981,
    }),
    dict({
      'delta_steps': 180,
      'derivative_3': -0.0,
      'last_loss': 0.52458,
      'run_id': '354a2f633ce14d99a6a3d039b5d6f6f3',
      'target_loss': 0.52458,
      'target_step': 3981,
    }),
    dict({
      'delta_steps': 2910,
      'derivative_3': -0.0,
      'last_loss': 0.52458,
      'run_id': '354a2f633ce14d99a6a3d039b5d6f6f3',
      'target_loss': 0.52458,
      'target_step': 4168,
    }),
    dict({
      'delta_steps': 2788,
      'derivative_3': -0.0,
      'last_loss': 0.52458,
      'run_id': '354a2f633ce14d99a6a3d039b5d6f6f3',
      'target_loss': 0.52458,
      'target_step': 4168,
    }),
    dict({
      'delta_steps': 1006,
      'derivative_3': -0.0,
      'last_loss': 0.52458,
      'run_id': '354a2f633ce14d99a6a3d039b5d6f6f3',
      'target_loss': 0.52458,
      'target_step': 4168,
    }),
    dict({
      'delta_steps': 2509,
      'derivative_3': -0.0,
      'last_loss': 0.52458,
      'run_id': '354a2f633ce14d99a6a3d039b5d6f6f3',
      'target_loss': 0.52458,
      'target_step': 4168,
    }),
    dict({
      'delta_steps': 2966,
      'derivative_3': -0.0,
      'last_loss': 0.52458,
      'run_id': '354a2f633ce14d99a6a3d039b5d6f6f3',
      'target_loss': 0.52458,
      'target_step': 4168,
    }),
    dict({
      'delta_steps': 3020,
      'derivative_3': -0.0,
      'last_loss': 0.52458,
      'run_id': '354a2f633ce14d99a6a3d039b5d6f6f3',
      'target_loss': 0.52458,
      'target_step': 4168,
    }),
    dict({
      'delta_steps': 2349,
      'derivative_3': -0.0,
      'last_loss': 0.52458,
      'run_id': '354a2f633ce14d99a6a3d039b5d6f6f3',
      'target_loss': 0.52458,
      'target_step': 4168,
    }),
    dict({
      'delta_steps': 701,
      'derivative_3': -0.0,
      'last_loss': 0.52458,
      'run_id': '354a2f633ce14d99a6a3d039b5d6f6f3',
      'target_loss': 0.52458,
      'target_step': 4168,
    }),
    dict({
      'delta_steps': 2431,
      'derivative_3': -0.0,
      'last_loss': 0.52458,
      'run_id': '354a2f633ce14d99a6a3d039b5d6f6f3',
      'target_loss': 0.52458,
      'target_step': 4168,
    }),
    dict({
      'delta_steps': 1284,
      'derivative_3': -0.0,
      'last_loss': 0.52458,
      'run_id': '354a2f633ce14d99a6a3d039b5d6f6f3',
      'target_loss': 0.52458,
      'target_step': 4168,
    }),
    dict({
      'delta_steps': 2113,
      'derivative_3': -0.0,
      'last_loss': 0.52458,
      'run_id': '354a2f633ce14d99a6a3d039b5d6f6f3',
      'target_loss': 0.52458,
      'target_step': 4300,
    }),
    dict({
      'delta_steps': 989,
      'derivative_3': -0.0,
      'last_loss': 0.52458,
      'run_id': '354a2f633ce14d99a6a3d039b5d6f6f3',
      'target_loss': 0.52458,
      'target_step': 4300,
    }),
    dict({
      'delta_steps': 3204,
      'derivative_3': -0.0,
      'last_loss': 0.52458,
      'run_id': '354a2f633ce14d99a6a3d039b5d6f6f3',
      'target_loss': 0.52458,
      'target_step': 4300,
    }),
    dict({
      'delta_steps': 1281,
      'derivative_3': -0.0,
      'last_loss': 0.52458,
      'run_id': '354a2f633ce14d99a6a3d039b5d6f6f3',
      'target_loss': 0.52458,
      'target_step': 4300,
    }),
    dict({
      'delta_steps': 2305,
      'derivative_3': -0.0,
      'last_loss': 0.52458,
      'run_id': '354a2f633ce14d99a6a3d039b5d6f6f3',
      'target_loss': 0.52458,
      'target_step': 4300,
    }),
    dict({
      'delta_steps': 2010,
      'derivative_3': -0.0,
      'last_loss': 0.52458,
      'run_id': '354a2f633ce14d99a6a3d039b5d6f6f3',
      'target_loss': 0.52458,
      'target_step': 4300,
    }),
    dict({
      'delta_steps': 3098,
      'derivative_3': -0.0,
      'last_loss': 0.52458,
      'run_id': '354a2f633ce14d99a6a3d039b5d6f6f3',
      'target_loss': 0.52458,
      'target_step': 4300,
    }),
    dict({
      'delta_steps': 2481,
      'derivative_3': -0.0,
      'last_loss': 0.52458,
      'run_id': '354a2f633ce14d99a6a3d039b5d6f6f3',
      'target_loss': 0.52458,
      'target_step': 4300,
    }),
    dict({
      'delta_steps': 3152,
      'derivative_3': -0.0,
      'last_loss': 0.52458,
      'run_id': '354a2f633ce14d99a6a3d039b5d6f6f3',
      'target_loss': 0.52458,
      'target_step': 4300,
    }),
    dict({
      'delta_steps': 833,
      'derivative_3': -0.0,
      'last_loss': 0.52458,
      'run_id': '354a2f633ce14d99a6a3d039b5d6f6f3',
      'target_loss': 0.52458,
      'target_step': 4300,
    }),
  ])
# ---
